Component: ARM Compiler 5.06 update 7 (build 960) Tool: armlink [4d3601]

==============================================================================

Section Cross References

    cortexm3_driver.o(i.LCD_Clear) refers to cortexm3_driver.o(i.LCD_SetCursor) for LCD_SetCursor
    cortexm3_driver.o(i.LCD_Clear) refers to cortexm3_driver.o(i.LCD_WriteRAM_Prepare) for LCD_WriteRAM_Prepare
    cortexm3_driver.o(i.LCD_Clear) refers to cortexm3_driver.o(i.MakeData) for MakeData
    cortexm3_driver.o(i.LCD_Clear) refers to cortexm3_driver.o(.bss) for lcddev
    cortexm3_driver.o(i.LCD_Color_Fill) refers to cortexm3_driver.o(i.LCD_SetCursor) for LCD_SetCursor
    cortexm3_driver.o(i.LCD_Color_Fill) refers to cortexm3_driver.o(i.LCD_WriteRAM_Prepare) for LCD_WriteRAM_Prepare
    cortexm3_driver.o(i.LCD_Color_Fill) refers to cortexm3_driver.o(i.MakeData) for MakeData
    cortexm3_driver.o(i.LCD_DisplayOff) refers to cortexm3_driver.o(i.LCD_WR_REG) for LCD_WR_REG
    cortexm3_driver.o(i.LCD_DisplayOn) refers to cortexm3_driver.o(i.LCD_WR_REG) for LCD_WR_REG
    cortexm3_driver.o(i.LCD_Display_Dir) refers to cortexm3_driver.o(i.LCD_Scan_Dir) for LCD_Scan_Dir
    cortexm3_driver.o(i.LCD_Display_Dir) refers to cortexm3_driver.o(.bss) for lcddev
    cortexm3_driver.o(i.LCD_DrawLine) refers to cortexm3_driver.o(i.LCD_DrawPoint) for LCD_DrawPoint
    cortexm3_driver.o(i.LCD_DrawLine_color) refers to cortexm3_driver.o(i.LCD_Fast_DrawPoint) for LCD_Fast_DrawPoint
    cortexm3_driver.o(i.LCD_DrawPoint) refers to cortexm3_driver.o(i.LCD_SetCursor) for LCD_SetCursor
    cortexm3_driver.o(i.LCD_DrawPoint) refers to cortexm3_driver.o(i.LCD_WriteRAM_Prepare) for LCD_WriteRAM_Prepare
    cortexm3_driver.o(i.LCD_DrawPoint) refers to cortexm3_driver.o(i.MakeData) for MakeData
    cortexm3_driver.o(i.LCD_Fast_DrawPoint) refers to cortexm3_driver.o(i.LCD_WR_REG) for LCD_WR_REG
    cortexm3_driver.o(i.LCD_Fast_DrawPoint) refers to cortexm3_driver.o(i.MakeData) for MakeData
    cortexm3_driver.o(i.LCD_Fast_DrawPoint) refers to cortexm3_driver.o(.bss) for lcddev
    cortexm3_driver.o(i.LCD_Fill) refers to cortexm3_driver.o(i.LCD_SetCursor) for LCD_SetCursor
    cortexm3_driver.o(i.LCD_Fill) refers to cortexm3_driver.o(i.LCD_WriteRAM_Prepare) for LCD_WriteRAM_Prepare
    cortexm3_driver.o(i.LCD_Fill) refers to cortexm3_driver.o(i.MakeData) for MakeData
    cortexm3_driver.o(i.LCD_Init) refers to cortexm3_driver.o(i.delay) for delay
    cortexm3_driver.o(i.LCD_Init) refers to cortexm3_driver.o(i.LCD_WR_REG) for LCD_WR_REG
    cortexm3_driver.o(i.LCD_Init) refers to cortexm3_driver.o(i.LCD_RD_DATA) for LCD_RD_DATA
    cortexm3_driver.o(i.LCD_Init) refers to cortexm3_driver.o(i.LCD_WriteReg) for LCD_WriteReg
    cortexm3_driver.o(i.LCD_Init) refers to cortexm3_driver.o(i.LCD_WR_DATAX) for LCD_WR_DATAX
    cortexm3_driver.o(i.LCD_Init) refers to cortexm3_driver.o(.bss) for lcddev
    cortexm3_driver.o(i.LCD_Init) refers to cortexm3_driver.o(i.LCD_Display_Dir) for LCD_Display_Dir
    cortexm3_driver.o(i.LCD_Init) refers to cortexm3_driver.o(i.LCD_Clear) for LCD_Clear
    cortexm3_driver.o(i.LCD_RD_DATA) refers to cortexm3_driver.o(i.ReadData) for ReadData
    cortexm3_driver.o(i.LCD_RD_DATA) refers to cortexm3_driver.o(i.delay) for delay
    cortexm3_driver.o(i.LCD_ReadReg) refers to cortexm3_driver.o(i.LCD_WR_REG) for LCD_WR_REG
    cortexm3_driver.o(i.LCD_ReadReg) refers to cortexm3_driver.o(i.delay) for delay
    cortexm3_driver.o(i.LCD_ReadReg) refers to cortexm3_driver.o(i.LCD_RD_DATA) for LCD_RD_DATA
    cortexm3_driver.o(i.LCD_Scan_Dir) refers to cortexm3_driver.o(i.LCD_WriteReg) for LCD_WriteReg
    cortexm3_driver.o(i.LCD_Scan_Dir) refers to cortexm3_driver.o(i.LCD_WR_REG) for LCD_WR_REG
    cortexm3_driver.o(i.LCD_Scan_Dir) refers to cortexm3_driver.o(i.MakeData) for MakeData
    cortexm3_driver.o(i.LCD_Scan_Dir) refers to cortexm3_driver.o(.bss) for lcddev
    cortexm3_driver.o(i.LCD_SetCursor) refers to cortexm3_driver.o(i.LCD_WR_REG) for LCD_WR_REG
    cortexm3_driver.o(i.LCD_SetCursor) refers to cortexm3_driver.o(i.MakeData) for MakeData
    cortexm3_driver.o(i.LCD_SetCursor) refers to cortexm3_driver.o(.bss) for lcddev
    cortexm3_driver.o(i.LCD_Set_Window) refers to cortexm3_driver.o(i.LCD_WR_REG) for LCD_WR_REG
    cortexm3_driver.o(i.LCD_Set_Window) refers to cortexm3_driver.o(i.MakeData) for MakeData
    cortexm3_driver.o(i.LCD_Set_Window) refers to cortexm3_driver.o(.bss) for lcddev
    cortexm3_driver.o(i.LCD_ShowChar) refers to cortexm3_driver.o(i.LCD_Fast_DrawPoint) for LCD_Fast_DrawPoint
    cortexm3_driver.o(i.LCD_ShowChar) refers to cortexm3_driver.o(.constdata) for asc2_1206
    cortexm3_driver.o(i.LCD_ShowChar) refers to cortexm3_driver.o(.bss) for lcddev
    cortexm3_driver.o(i.LCD_ShowChar_color) refers to cortexm3_driver.o(i.LCD_Fast_DrawPoint) for LCD_Fast_DrawPoint
    cortexm3_driver.o(i.LCD_ShowChar_color) refers to cortexm3_driver.o(.constdata) for asc2_1206
    cortexm3_driver.o(i.LCD_ShowChar_color) refers to cortexm3_driver.o(.bss) for lcddev
    cortexm3_driver.o(i.LCD_ShowNum) refers to cortexm3_driver.o(i.LCD_Pow) for LCD_Pow
    cortexm3_driver.o(i.LCD_ShowNum) refers to cortexm3_driver.o(i.LCD_ShowChar) for LCD_ShowChar
    cortexm3_driver.o(i.LCD_ShowString) refers to cortexm3_driver.o(i.LCD_ShowChar) for LCD_ShowChar
    cortexm3_driver.o(i.LCD_ShowString_color) refers to cortexm3_driver.o(i.LCD_ShowChar_color) for LCD_ShowChar_color
    cortexm3_driver.o(i.LCD_ShowxNum) refers to cortexm3_driver.o(i.LCD_Pow) for LCD_Pow
    cortexm3_driver.o(i.LCD_ShowxNum) refers to cortexm3_driver.o(i.LCD_ShowChar) for LCD_ShowChar
    cortexm3_driver.o(i.LCD_ShowxNum_color) refers to cortexm3_driver.o(i.LCD_Pow) for LCD_Pow
    cortexm3_driver.o(i.LCD_ShowxNum_color) refers to cortexm3_driver.o(i.LCD_ShowChar_color) for LCD_ShowChar_color
    cortexm3_driver.o(i.LCD_WR_DATAX) refers to cortexm3_driver.o(i.delay) for delay
    cortexm3_driver.o(i.LCD_WR_DATAX) refers to cortexm3_driver.o(i.MakeData) for MakeData
    cortexm3_driver.o(i.LCD_WR_REG) refers to cortexm3_driver.o(i.delay) for delay
    cortexm3_driver.o(i.LCD_WR_REG) refers to cortexm3_driver.o(i.MakeData) for MakeData
    cortexm3_driver.o(i.LCD_WriteRAM) refers to cortexm3_driver.o(i.MakeData) for MakeData
    cortexm3_driver.o(i.LCD_WriteRAM_Prepare) refers to cortexm3_driver.o(i.LCD_WR_REG) for LCD_WR_REG
    cortexm3_driver.o(i.LCD_WriteRAM_Prepare) refers to cortexm3_driver.o(.bss) for lcddev
    cortexm3_driver.o(i.LCD_WriteReg) refers to cortexm3_driver.o(i.LCD_WR_REG) for LCD_WR_REG
    cortexm3_driver.o(i.LCD_WriteReg) refers to cortexm3_driver.o(i.MakeData) for MakeData
    cortexm3_driver.o(i.SysCountDown) refers to cortexm3_driver.o(i.Set_SysTick_CTRL) for Set_SysTick_CTRL
    cortexm3_driver.o(i.SysCountDown) refers to cortexm3_driver.o(i.Set_SysTick_LOAD) for Set_SysTick_LOAD
    cortexm3_driver.o(i.SysCountDown) refers to cortexm3_driver.o(i.Set_SysTick_VALUE) for Set_SysTick_VALUE
    cortexm3_driver.o(i.Timer_Init) refers to cortexm3_driver.o(i.Timer_Para_Init) for Timer_Para_Init
    cortexm3_driver.o(i.Timer_Para_Init) refers to cortexm3_driver.o(.data) for timerPara
    cortexm3_driver.o(i.delay) refers to cortexm3_driver.o(i.Set_SysTick_CTRL) for Set_SysTick_CTRL
    cortexm3_driver.o(i.delay) refers to cortexm3_driver.o(i.Set_SysTick_LOAD) for Set_SysTick_LOAD
    cortexm3_driver.o(i.delay) refers to cortexm3_driver.o(i.Set_SysTick_VALUE) for Set_SysTick_VALUE
    cortexm3_driver.o(i.delay_ms) refers to cortexm3_driver.o(i.delay_us) for delay_us
    cortexm3_driver.o(i.delay_us) refers to cortexm3_driver.o(i.Set_SysTick_CTRL) for Set_SysTick_CTRL
    cortexm3_driver.o(i.delay_us) refers to cortexm3_driver.o(i.Set_SysTick_LOAD) for Set_SysTick_LOAD
    cortexm3_driver.o(i.delay_us) refers to cortexm3_driver.o(i.Set_SysTick_VALUE) for Set_SysTick_VALUE
    cortexm3_driver.o(i.keyScan) refers to cortexm3_driver.o(i.getKey) for getKey
    cortexm3_driver.o(i.keyScan) refers to cortexm3_driver.o(i.delay_ms) for delay_ms
    cortexm3_driver.o(i.keyScan) refers to cortexm3_driver.o(.data) for key_up
    cortexm3_driver.o(i.uart_SendString) refers to strlen.o(.text) for strlen
    cortexm3_driver.o(i.uart_SendString) refers to cortexm3_driver.o(i.uart_SendChar) for uart_SendChar
    startup_cm3ds.o(RESET) refers to startup_cm3ds.o(STACK) for __initial_sp
    startup_cm3ds.o(RESET) refers to startup_cm3ds.o(.text) for Reset_Handler
    startup_cm3ds.o(.text) refers to handler.o(i.NMIHandler) for NMIHandler
    startup_cm3ds.o(.text) refers to handler.o(i.HardFaultHandler) for HardFaultHandler
    startup_cm3ds.o(.text) refers to handler.o(i.MemManageHandler) for MemManageHandler
    startup_cm3ds.o(.text) refers to handler.o(i.BusFaultHandler) for BusFaultHandler
    startup_cm3ds.o(.text) refers to handler.o(i.UsageFaultHandler) for UsageFaultHandler
    startup_cm3ds.o(.text) refers to handler.o(i.SVCHandler) for SVCHandler
    startup_cm3ds.o(.text) refers to handler.o(i.DebugMonHandler) for DebugMonHandler
    startup_cm3ds.o(.text) refers to handler.o(i.PendSVHandler) for PendSVHandler
    startup_cm3ds.o(.text) refers to handler.o(i.SysTickHandler) for SysTickHandler
    startup_cm3ds.o(.text) refers to handler.o(i.UARTRXHandler) for UARTRXHandler
    startup_cm3ds.o(.text) refers to handler.o(i.UARTTXHandler) for UARTTXHandler
    startup_cm3ds.o(.text) refers to handler.o(i.UARTOVRHandler) for UARTOVRHandler
    startup_cm3ds.o(.text) refers to handler.o(i.TIMER0Handler) for TIMER0Handler
    startup_cm3ds.o(.text) refers to handler.o(i.TIMER1Handler) for TIMER1Handler
    startup_cm3ds.o(.text) refers to system.o(i.SystemInit) for SystemInit
    startup_cm3ds.o(.text) refers to main.o(i.main) for main
    handler.o(i.SysTickHandler) refers to cortexm3_driver.o(i.Set_SysTick_CTRL) for Set_SysTick_CTRL
    handler.o(i.TIMER0Handler) refers to cortexm3_driver.o(.data) for timerPara
    handler.o(i.TIMER0Handler) refers to handler.o(.constdata) for starSky_beat
    system.o(i.SystemCoreClockUpdate) refers to system.o(.data) for SystemCoreClock
    system.o(i.SystemInit) refers to system.o(i.NVIC_EnableIRQ) for NVIC_EnableIRQ
    system.o(i.SystemInit) refers to cortexm3_driver.o(i.uart_init) for uart_init
    system.o(i.SystemInit) refers to cortexm3_driver.o(i.delay) for delay
    system.o(i.SystemInit) refers to cortexm3_driver.o(i.LCD_Init) for LCD_Init
    system.o(i.SystemInit) refers to system.o(.data) for SystemCoreClock
    retarget.o(i._ttywrch) refers to cortexm3_driver.o(i.uart_SendChar) for uart_SendChar
    retarget.o(i.fgetc) refers to cortexm3_driver.o(i.uart_ReceiveChar) for uart_ReceiveChar
    retarget.o(i.fputc) refers to cortexm3_driver.o(i.uart_SendChar) for uart_SendChar
    main.o(i.main) refers to run.o(i.all_init) for all_init
    main.o(i.main) refers to run.o(i.run_game) for run_game
    basic_draw.o(i.draw_boss) refers to cortexm3_driver.o(i.LCD_DrawLine_color) for LCD_DrawLine_color
    basic_draw.o(i.draw_cross) refers to cortexm3_driver.o(i.LCD_DrawLine) for LCD_DrawLine
    basic_draw.o(i.draw_enemy_bullet) refers to cortexm3_driver.o(i.LCD_Fast_DrawPoint) for LCD_Fast_DrawPoint
    basic_draw.o(i.draw_enemy_plane) refers to basic_draw.o(i.draw_reversed_equal_triangle) for draw_reversed_equal_triangle
    basic_draw.o(i.draw_enemy_plane) refers to basic_draw.o(i.draw_rectangle) for draw_rectangle
    basic_draw.o(i.draw_enemy_plane) refers to basic_draw.o(i.draw_reversed_left_triangle) for draw_reversed_left_triangle
    basic_draw.o(i.draw_enemy_plane) refers to basic_draw.o(i.draw_reversed_right_triangle) for draw_reversed_right_triangle
    basic_draw.o(i.draw_enemy_plane) refers to basic_draw.o(i.draw_reversed_trapezoid) for draw_reversed_trapezoid
    basic_draw.o(i.draw_equal_triangle) refers to cortexm3_driver.o(i.LCD_DrawLine_color) for LCD_DrawLine_color
    basic_draw.o(i.draw_heart) refers to cortexm3_driver.o(i.LCD_DrawLine_color) for LCD_DrawLine_color
    basic_draw.o(i.draw_left_triangle) refers to cortexm3_driver.o(i.LCD_DrawLine_color) for LCD_DrawLine_color
    basic_draw.o(i.draw_my_bullet) refers to cortexm3_driver.o(i.LCD_Fast_DrawPoint) for LCD_Fast_DrawPoint
    basic_draw.o(i.draw_my_plane) refers to basic_draw.o(i.draw_equal_triangle) for draw_equal_triangle
    basic_draw.o(i.draw_my_plane) refers to basic_draw.o(i.draw_rectangle) for draw_rectangle
    basic_draw.o(i.draw_my_plane) refers to basic_draw.o(i.draw_left_triangle) for draw_left_triangle
    basic_draw.o(i.draw_my_plane) refers to basic_draw.o(i.draw_right_triangle) for draw_right_triangle
    basic_draw.o(i.draw_my_plane) refers to basic_draw.o(i.draw_trapezoid) for draw_trapezoid
    basic_draw.o(i.draw_rectangle) refers to cortexm3_driver.o(i.LCD_DrawLine_color) for LCD_DrawLine_color
    basic_draw.o(i.draw_reversed_equal_triangle) refers to cortexm3_driver.o(i.LCD_DrawLine_color) for LCD_DrawLine_color
    basic_draw.o(i.draw_reversed_left_triangle) refers to cortexm3_driver.o(i.LCD_DrawLine_color) for LCD_DrawLine_color
    basic_draw.o(i.draw_reversed_right_triangle) refers to cortexm3_driver.o(i.LCD_DrawLine_color) for LCD_DrawLine_color
    basic_draw.o(i.draw_reversed_trapezoid) refers to cortexm3_driver.o(i.LCD_DrawLine_color) for LCD_DrawLine_color
    basic_draw.o(i.draw_right_triangle) refers to cortexm3_driver.o(i.LCD_DrawLine_color) for LCD_DrawLine_color
    basic_draw.o(i.draw_star) refers to cortexm3_driver.o(i.LCD_DrawLine) for LCD_DrawLine
    basic_draw.o(i.draw_trapezoid) refers to cortexm3_driver.o(i.LCD_DrawLine_color) for LCD_DrawLine_color
    draw.o(i.draw_all_enemy_buttles) refers to basic_draw.o(i.draw_enemy_bullet) for draw_enemy_bullet
    draw.o(i.draw_all_enemy_planes) refers to basic_draw.o(i.draw_enemy_plane) for draw_enemy_plane
    draw.o(i.draw_all_my_buttles) refers to basic_draw.o(i.draw_my_bullet) for draw_my_bullet
    draw.o(i.draw_end) refers to cortexm3_driver.o(i.LCD_Clear) for LCD_Clear
    draw.o(i.draw_end) refers to cortexm3_driver.o(i.LCD_ShowString_color) for LCD_ShowString_color
    draw.o(i.draw_end) refers to cortexm3_driver.o(i.LCD_ShowxNum_color) for LCD_ShowxNum_color
    draw.o(i.draw_end) refers to basic_draw.o(i.draw_my_plane) for draw_my_plane
    draw.o(i.draw_end) refers to basic_draw.o(i.draw_star) for draw_star
    draw.o(i.draw_play_all) refers to draw.o(i.draw_play_title) for draw_play_title
    draw.o(i.draw_play_all) refers to basic_draw.o(i.draw_my_plane) for draw_my_plane
    draw.o(i.draw_play_all) refers to draw.o(i.draw_all_my_buttles) for draw_all_my_buttles
    draw.o(i.draw_play_all) refers to basic_draw.o(i.draw_boss) for draw_boss
    draw.o(i.draw_play_all) refers to draw.o(i.draw_all_enemy_planes) for draw_all_enemy_planes
    draw.o(i.draw_play_all) refers to draw.o(i.draw_all_enemy_buttles) for draw_all_enemy_buttles
    draw.o(i.draw_play_title) refers to cortexm3_driver.o(i.LCD_ShowxNum_color) for LCD_ShowxNum_color
    draw.o(i.draw_play_title) refers to cortexm3_driver.o(i.LCD_Fill) for LCD_Fill
    draw.o(i.draw_play_title) refers to basic_draw.o(i.draw_heart) for draw_heart
    draw.o(i.draw_start_page) refers to cortexm3_driver.o(i.LCD_ShowString_color) for LCD_ShowString_color
    draw.o(i.draw_start_page) refers to basic_draw.o(i.draw_my_plane) for draw_my_plane
    draw.o(i.init_play_interface) refers to cortexm3_driver.o(i.LCD_DrawLine) for LCD_DrawLine
    draw.o(i.init_play_interface) refers to cortexm3_driver.o(i.LCD_ShowString_color) for LCD_ShowString_color
    basic_run.o(i.check_my_buttles_to_boss_collide) refers to cortexm3_driver.o(i.LCD_Fill) for LCD_Fill
    basic_run.o(i.check_my_buttles_to_boss_collide) refers to cortexm3_driver.o(i.delay_ms) for delay_ms
    basic_run.o(i.check_my_buttles_to_enemy_plane_collide) refers to cortexm3_driver.o(i.LCD_Fill) for LCD_Fill
    basic_run.o(i.check_my_buttles_to_enemy_plane_collide) refers to cortexm3_driver.o(i.delay_ms) for delay_ms
    basic_run.o(i.check_my_plane_to_enemy_buttles_collide) refers to cortexm3_driver.o(i.LCD_Fill) for LCD_Fill
    basic_run.o(i.check_my_plane_to_enemy_buttles_collide) refers to cortexm3_driver.o(i.delay_ms) for delay_ms
    basic_run.o(i.check_my_plane_to_enemy_plane_collide) refers to cortexm3_driver.o(i.LCD_Fill) for LCD_Fill
    basic_run.o(i.check_my_plane_to_enemy_plane_collide) refers to cortexm3_driver.o(i.delay_ms) for delay_ms
    basic_run.o(i.clear_all_enemy_plane) refers to cortexm3_driver.o(i.LCD_Fill) for LCD_Fill
    basic_run.o(i.clear_all_enemy_plane) refers to basic_draw.o(i.draw_my_plane) for draw_my_plane
    basic_run.o(i.generate_boss_buttles) refers to rand.o(.text) for rand
    basic_run.o(i.generate_enemy_buttles) refers to rand.o(.text) for rand
    basic_run.o(i.generate_enemy_planes) refers to rand.o(.text) for rand
    basic_run.o(i.move_boss) refers to cortexm3_driver.o(i.LCD_Fill) for LCD_Fill
    basic_run.o(i.switch_my_act) refers to cortexm3_driver.o(i.delay_ms) for delay_ms
    basic_run.o(i.switch_my_act) refers to cortexm3_driver.o(i.keyScan) for keyScan
    basic_run.o(i.switch_my_act) refers to cortexm3_driver.o(i.LCD_Fill) for LCD_Fill
    basic_run.o(i.update_enemy_buttles) refers to cortexm3_driver.o(i.LCD_Fill) for LCD_Fill
    basic_run.o(i.update_enemy_planes) refers to cortexm3_driver.o(i.LCD_Fill) for LCD_Fill
    basic_run.o(i.update_my_buttles) refers to cortexm3_driver.o(i.LCD_Fill) for LCD_Fill
    run.o(i.all_init) refers to cortexm3_driver.o(i.LCD_Clear) for LCD_Clear
    run.o(i.all_init) refers to draw.o(i.draw_start_page) for draw_start_page
    run.o(i.all_init) refers to cortexm3_driver.o(i.Timer_Init) for Timer_Init
    run.o(i.all_init) refers to run.o(i.key0_to_skip) for key0_to_skip
    run.o(i.all_init) refers to run.o(i.init_interface_info) for init_interface_info
    run.o(i.all_init) refers to draw.o(i.init_play_interface) for init_play_interface
    run.o(i.all_init) refers to run.o(i.draw_all_through_struct) for draw_all_through_struct
    run.o(i.all_init) refers to cortexm3_driver.o(i.delay_ms) for delay_ms
    run.o(i.draw_all_through_struct) refers to draw.o(i.draw_play_all) for draw_play_all
    run.o(i.draw_all_through_struct) refers to run.o(.bss) for interface
    run.o(i.init_interface_info) refers to run.o(.bss) for interface
    run.o(i.init_interface_info_second_time) refers to run.o(.bss) for interface
    run.o(i.key0_to_skip) refers to cortexm3_driver.o(i.keyScan) for keyScan
    run.o(i.key0_to_skip) refers to cortexm3_driver.o(i.delay_ms) for delay_ms
    run.o(i.run_game) refers to run.o(i.single_game) for single_game
    run.o(i.run_game) refers to draw.o(i.draw_end) for draw_end
    run.o(i.run_game) refers to run.o(i.key0_to_skip) for key0_to_skip
    run.o(i.run_game) refers to cortexm3_driver.o(i.LCD_Clear) for LCD_Clear
    run.o(i.run_game) refers to draw.o(i.draw_start_page) for draw_start_page
    run.o(i.run_game) refers to run.o(i.init_interface_info_second_time) for init_interface_info_second_time
    run.o(i.run_game) refers to draw.o(i.init_play_interface) for init_play_interface
    run.o(i.run_game) refers to run.o(i.draw_all_through_struct) for draw_all_through_struct
    run.o(i.run_game) refers to cortexm3_driver.o(i.delay_ms) for delay_ms
    run.o(i.run_game) refers to run.o(.bss) for interface
    run.o(i.single_game) refers to basic_run.o(i.clear_all_enemy_plane) for clear_all_enemy_plane
    run.o(i.single_game) refers to basic_run.o(i.switch_my_act) for switch_my_act
    run.o(i.single_game) refers to basic_run.o(i.update_my_buttles) for update_my_buttles
    run.o(i.single_game) refers to basic_run.o(i.update_enemy_planes) for update_enemy_planes
    run.o(i.single_game) refers to basic_run.o(i.update_enemy_buttles) for update_enemy_buttles
    run.o(i.single_game) refers to basic_run.o(i.generate_enemy_planes) for generate_enemy_planes
    run.o(i.single_game) refers to basic_run.o(i.generate_enemy_buttles) for generate_enemy_buttles
    run.o(i.single_game) refers to basic_run.o(i.check_my_plane_to_enemy_plane_collide) for check_my_plane_to_enemy_plane_collide
    run.o(i.single_game) refers to basic_run.o(i.check_my_plane_to_enemy_buttles_collide) for check_my_plane_to_enemy_buttles_collide
    run.o(i.single_game) refers to basic_run.o(i.check_my_buttles_to_enemy_plane_collide) for check_my_buttles_to_enemy_plane_collide
    run.o(i.single_game) refers to basic_run.o(i.move_boss) for move_boss
    run.o(i.single_game) refers to basic_run.o(i.generate_boss_buttles) for generate_boss_buttles
    run.o(i.single_game) refers to basic_run.o(i.check_my_buttles_to_boss_collide) for check_my_buttles_to_boss_collide
    run.o(i.single_game) refers to run.o(i.draw_all_through_struct) for draw_all_through_struct
    run.o(i.single_game) refers to cortexm3_driver.o(i.delay_ms) for delay_ms
    run.o(i.single_game) refers to run.o(.bss) for interface
    entry.o(.ARM.Collect$$$$00000000) refers (Special) to entry10a.o(.ARM.Collect$$$$0000000F) for __rt_final_cpp
    entry.o(.ARM.Collect$$$$00000000) refers (Special) to entry11a.o(.ARM.Collect$$$$00000011) for __rt_final_exit
    entry.o(.ARM.Collect$$$$00000000) refers (Special) to entry12b.o(.ARM.Collect$$$$0000000E) for __rt_lib_shutdown_fini
    entry.o(.ARM.Collect$$$$00000000) refers (Special) to entry7b.o(.ARM.Collect$$$$00000008) for _main_clock
    entry.o(.ARM.Collect$$$$00000000) refers (Special) to entry8b.o(.ARM.Collect$$$$0000000A) for _main_cpp_init
    entry.o(.ARM.Collect$$$$00000000) refers (Special) to entry9a.o(.ARM.Collect$$$$0000000B) for _main_init
    entry.o(.ARM.Collect$$$$00000000) refers (Special) to entry5.o(.ARM.Collect$$$$00000004) for _main_scatterload
    entry.o(.ARM.Collect$$$$00000000) refers (Special) to entry2.o(.ARM.Collect$$$$00000001) for _main_stk
    rand.o(.text) refers to rand.o(.data) for .data
    entry2.o(.ARM.Collect$$$$00000001) refers to entry2.o(.ARM.Collect$$$$00002712) for __lit__00000000
    entry2.o(.ARM.Collect$$$$00002712) refers to startup_cm3ds.o(STACK) for __initial_sp
    entry2.o(__vectab_stack_and_reset_area) refers to startup_cm3ds.o(STACK) for __initial_sp
    entry2.o(__vectab_stack_and_reset_area) refers to entry.o(.ARM.Collect$$$$00000000) for __main
    entry5.o(.ARM.Collect$$$$00000004) refers to init.o(.text) for __scatterload
    entry9a.o(.ARM.Collect$$$$0000000B) refers to main.o(i.main) for main
    entry9b.o(.ARM.Collect$$$$0000000C) refers to main.o(i.main) for main
    init.o(.text) refers to entry5.o(.ARM.Collect$$$$00000004) for __main_after_scatterload


==============================================================================

Removing Unused input sections from the image.

    Removing cortexm3_driver.o(.rev16_text), (4 bytes).
    Removing cortexm3_driver.o(.revsh_text), (4 bytes).
    Removing cortexm3_driver.o(i.LCD_Color_Fill), (120 bytes).
    Removing cortexm3_driver.o(i.LCD_DisplayOff), (10 bytes).
    Removing cortexm3_driver.o(i.LCD_DisplayOn), (10 bytes).
    Removing cortexm3_driver.o(i.LCD_ReadReg), (24 bytes).
    Removing cortexm3_driver.o(i.LCD_Set_Window), (264 bytes).
    Removing cortexm3_driver.o(i.LCD_ShowChar), (288 bytes).
    Removing cortexm3_driver.o(i.LCD_ShowNum), (148 bytes).
    Removing cortexm3_driver.o(i.LCD_ShowString), (102 bytes).
    Removing cortexm3_driver.o(i.LCD_ShowxNum), (190 bytes).
    Removing cortexm3_driver.o(i.LCD_WriteRAM), (40 bytes).
    Removing cortexm3_driver.o(i.ReadSystickIRQ), (12 bytes).
    Removing cortexm3_driver.o(i.Read_SysTick_VALUE), (8 bytes).
    Removing cortexm3_driver.o(i.Read_Timer0_VALUE), (12 bytes).
    Removing cortexm3_driver.o(i.Read_Timer1_VALUE), (12 bytes).
    Removing cortexm3_driver.o(i.Set_SysTick_CALIB), (8 bytes).
    Removing cortexm3_driver.o(i.Set_Timer0_CTRL), (12 bytes).
    Removing cortexm3_driver.o(i.Set_Timer0_LOAD), (12 bytes).
    Removing cortexm3_driver.o(i.Set_Timer0_VALUE), (12 bytes).
    Removing cortexm3_driver.o(i.Set_Timer1_CTRL), (12 bytes).
    Removing cortexm3_driver.o(i.Set_Timer1_LOAD), (12 bytes).
    Removing cortexm3_driver.o(i.Set_Timer1_VALUE), (12 bytes).
    Removing cortexm3_driver.o(i.SysCountDown), (30 bytes).
    Removing cortexm3_driver.o(i.SysTick_Ini), (42 bytes).
    Removing cortexm3_driver.o(i.SysTick_Stop), (28 bytes).
    Removing cortexm3_driver.o(i.opt_delay), (14 bytes).
    Removing cortexm3_driver.o(i.uart_ClearOverrunStatus), (18 bytes).
    Removing cortexm3_driver.o(i.uart_ClearRxIRQ), (8 bytes).
    Removing cortexm3_driver.o(i.uart_ClearTxIRQ), (8 bytes).
    Removing cortexm3_driver.o(i.uart_GetBaudDivider), (8 bytes).
    Removing cortexm3_driver.o(i.uart_GetOverrunStatus), (12 bytes).
    Removing cortexm3_driver.o(i.uart_GetRxBufferFull), (12 bytes).
    Removing cortexm3_driver.o(i.uart_GetRxIRQStatus), (12 bytes).
    Removing cortexm3_driver.o(i.uart_GetTxBufferFull), (12 bytes).
    Removing cortexm3_driver.o(i.uart_GetTxIRQStatus), (12 bytes).
    Removing cortexm3_driver.o(i.uart_ReceiveChar), (26 bytes).
    Removing cortexm3_driver.o(i.uart_SendChar), (28 bytes).
    Removing cortexm3_driver.o(i.uart_SendString), (30 bytes).
    Removing startup_cm3ds.o(HEAP), (16384 bytes).
    Removing handler.o(.rev16_text), (4 bytes).
    Removing handler.o(.revsh_text), (4 bytes).
    Removing system.o(.rev16_text), (4 bytes).
    Removing system.o(.revsh_text), (4 bytes).
    Removing system.o(i.SystemCoreClockUpdate), (16 bytes).
    Removing retarget.o(.rev16_text), (4 bytes).
    Removing retarget.o(.revsh_text), (4 bytes).
    Removing retarget.o(i._sys_exit), (4 bytes).
    Removing retarget.o(i._ttywrch), (12 bytes).
    Removing retarget.o(i.ferror), (8 bytes).
    Removing retarget.o(i.fgetc), (20 bytes).
    Removing retarget.o(i.fputc), (26 bytes).
    Removing retarget.o(.data), (8 bytes).
    Removing main.o(.rev16_text), (4 bytes).
    Removing main.o(.revsh_text), (4 bytes).
    Removing basic_draw.o(.rev16_text), (4 bytes).
    Removing basic_draw.o(.revsh_text), (4 bytes).
    Removing basic_draw.o(i.draw_cross), (32 bytes).
    Removing draw.o(.rev16_text), (4 bytes).
    Removing draw.o(.revsh_text), (4 bytes).
    Removing basic_run.o(.rev16_text), (4 bytes).
    Removing basic_run.o(.revsh_text), (4 bytes).
    Removing run.o(.rev16_text), (4 bytes).
    Removing run.o(.revsh_text), (4 bytes).

64 unused section(s) (total 18202 bytes) removed from the image.

==============================================================================

Image Symbol Table

    Local Symbols

    Symbol Name                              Value     Ov Type        Size  Object(Section)

    RESET                                    0x00000000   Section       84  startup_cm3ds.o(RESET)
    ../clib/microlib/init/entry.s            0x00000000   Number         0  entry12b.o ABSOLUTE
    ../clib/microlib/init/entry.s            0x00000000   Number         0  entry12a.o ABSOLUTE
    ../clib/microlib/init/entry.s            0x00000000   Number         0  entry11b.o ABSOLUTE
    ../clib/microlib/init/entry.s            0x00000000   Number         0  entry10b.o ABSOLUTE
    ../clib/microlib/init/entry.s            0x00000000   Number         0  entry10a.o ABSOLUTE
    ../clib/microlib/init/entry.s            0x00000000   Number         0  entry9b.o ABSOLUTE
    ../clib/microlib/init/entry.s            0x00000000   Number         0  entry9a.o ABSOLUTE
    ../clib/microlib/init/entry.s            0x00000000   Number         0  entry8a.o ABSOLUTE
    ../clib/microlib/init/entry.s            0x00000000   Number         0  entry8b.o ABSOLUTE
    ../clib/microlib/init/entry.s            0x00000000   Number         0  entry11a.o ABSOLUTE
    ../clib/microlib/init/entry.s            0x00000000   Number         0  entry.o ABSOLUTE
    ../clib/microlib/init/entry.s            0x00000000   Number         0  entry7b.o ABSOLUTE
    ../clib/microlib/init/entry.s            0x00000000   Number         0  entry7a.o ABSOLUTE
    ../clib/microlib/init/entry.s            0x00000000   Number         0  entry2.o ABSOLUTE
    ../clib/microlib/init/entry.s            0x00000000   Number         0  entry5.o ABSOLUTE
    ../clib/microlib/stdlib/rand.c           0x00000000   Number         0  rand.o ABSOLUTE
    ../clib/microlib/string/strlen.c         0x00000000   Number         0  strlen.o ABSOLUTE
    ..\Software\Core\Device\Source\CortexM3_driver.c 0x00000000   Number         0  cortexm3_driver.o ABSOLUTE
    ..\Software\Core\Device\Source\Retarget.c 0x00000000   Number         0  retarget.o ABSOLUTE
    ..\Software\Core\Device\Source\handler.c 0x00000000   Number         0  handler.o ABSOLUTE
    ..\Software\Core\Device\Source\startup_CM3DS.s 0x00000000   Number         0  startup_cm3ds.o ABSOLUTE
    ..\Software\Core\Device\Source\system.c  0x00000000   Number         0  system.o ABSOLUTE
    ..\Software\User\Func\basic_draw.c       0x00000000   Number         0  basic_draw.o ABSOLUTE
    ..\Software\User\Func\basic_run.c        0x00000000   Number         0  basic_run.o ABSOLUTE
    ..\Software\User\Func\draw.c             0x00000000   Number         0  draw.o ABSOLUTE
    ..\Software\User\Func\run.c              0x00000000   Number         0  run.o ABSOLUTE
    ..\Software\User\main.c                  0x00000000   Number         0  main.o ABSOLUTE
    ..\\Software\\Core\\Device\\Source\\CortexM3_driver.c 0x00000000   Number         0  cortexm3_driver.o ABSOLUTE
    ..\\Software\\Core\\Device\\Source\\Retarget.c 0x00000000   Number         0  retarget.o ABSOLUTE
    ..\\Software\\Core\\Device\\Source\\handler.c 0x00000000   Number         0  handler.o ABSOLUTE
    ..\\Software\\Core\\Device\\Source\\system.c 0x00000000   Number         0  system.o ABSOLUTE
    ..\\Software\\User\\Func\\basic_draw.c   0x00000000   Number         0  basic_draw.o ABSOLUTE
    ..\\Software\\User\\Func\\basic_run.c    0x00000000   Number         0  basic_run.o ABSOLUTE
    ..\\Software\\User\\Func\\draw.c         0x00000000   Number         0  draw.o ABSOLUTE
    ..\\Software\\User\\Func\\run.c          0x00000000   Number         0  run.o ABSOLUTE
    ..\\Software\\User\\main.c               0x00000000   Number         0  main.o ABSOLUTE
    dc.s                                     0x00000000   Number         0  dc.o ABSOLUTE
    handlers.s                               0x00000000   Number         0  handlers.o ABSOLUTE
    init.s                                   0x00000000   Number         0  init.o ABSOLUTE
    .ARM.Collect$$$$00000000                 0x00000054   Section        0  entry.o(.ARM.Collect$$$$00000000)
    .ARM.Collect$$$$00000001                 0x00000054   Section        4  entry2.o(.ARM.Collect$$$$00000001)
    .ARM.Collect$$$$00000004                 0x00000058   Section        4  entry5.o(.ARM.Collect$$$$00000004)
    .ARM.Collect$$$$00000008                 0x0000005c   Section        0  entry7b.o(.ARM.Collect$$$$00000008)
    .ARM.Collect$$$$0000000A                 0x0000005c   Section        0  entry8b.o(.ARM.Collect$$$$0000000A)
    .ARM.Collect$$$$0000000B                 0x0000005c   Section        8  entry9a.o(.ARM.Collect$$$$0000000B)
    .ARM.Collect$$$$0000000E                 0x00000064   Section        4  entry12b.o(.ARM.Collect$$$$0000000E)
    .ARM.Collect$$$$0000000F                 0x00000068   Section        0  entry10a.o(.ARM.Collect$$$$0000000F)
    .ARM.Collect$$$$00000011                 0x00000068   Section        0  entry11a.o(.ARM.Collect$$$$00000011)
    .ARM.Collect$$$$00002712                 0x00000068   Section        4  entry2.o(.ARM.Collect$$$$00002712)
    __lit__00000000                          0x00000068   Data           4  entry2.o(.ARM.Collect$$$$00002712)
    .text                                    0x0000006c   Section      128  startup_cm3ds.o(.text)
    .text                                    0x000000ec   Section        0  rand.o(.text)
    .text                                    0x00000110   Section       36  init.o(.text)
    i.BusFaultHandler                        0x00000134   Section        0  handler.o(i.BusFaultHandler)
    i.DebugMonHandler                        0x00000136   Section        0  handler.o(i.DebugMonHandler)
    i.HardFaultHandler                       0x00000138   Section        0  handler.o(i.HardFaultHandler)
    i.LCD_Clear                              0x0000013c   Section        0  cortexm3_driver.o(i.LCD_Clear)
    i.LCD_Display_Dir                        0x000001c0   Section        0  cortexm3_driver.o(i.LCD_Display_Dir)
    i.LCD_DrawLine                           0x00000234   Section        0  cortexm3_driver.o(i.LCD_DrawLine)
    i.LCD_DrawLine_color                     0x000002e4   Section        0  cortexm3_driver.o(i.LCD_DrawLine_color)
    i.LCD_DrawPoint                          0x00000390   Section        0  cortexm3_driver.o(i.LCD_DrawPoint)
    i.LCD_Fast_DrawPoint                     0x000003c4   Section        0  cortexm3_driver.o(i.LCD_Fast_DrawPoint)
    i.LCD_Fill                               0x00000480   Section        0  cortexm3_driver.o(i.LCD_Fill)
    i.LCD_Init                               0x000004ec   Section        0  cortexm3_driver.o(i.LCD_Init)
    i.LCD_Pow                                0x00000914   Section        0  cortexm3_driver.o(i.LCD_Pow)
    i.LCD_RD_DATA                            0x0000092c   Section        0  cortexm3_driver.o(i.LCD_RD_DATA)
    i.LCD_Scan_Dir                           0x00000958   Section        0  cortexm3_driver.o(i.LCD_Scan_Dir)
    i.LCD_SetCursor                          0x00000d88   Section        0  cortexm3_driver.o(i.LCD_SetCursor)
    i.LCD_ShowChar_color                     0x00000e10   Section        0  cortexm3_driver.o(i.LCD_ShowChar_color)
    i.LCD_ShowString_color                   0x00000f2c   Section        0  cortexm3_driver.o(i.LCD_ShowString_color)
    i.LCD_ShowxNum_color                     0x00000f96   Section        0  cortexm3_driver.o(i.LCD_ShowxNum_color)
    i.LCD_WR_DATAX                           0x0000105c   Section        0  cortexm3_driver.o(i.LCD_WR_DATAX)
    i.LCD_WR_REG                             0x00001094   Section        0  cortexm3_driver.o(i.LCD_WR_REG)
    i.LCD_WriteRAM_Prepare                   0x000010cc   Section        0  cortexm3_driver.o(i.LCD_WriteRAM_Prepare)
    i.LCD_WriteReg                           0x000010dc   Section        0  cortexm3_driver.o(i.LCD_WriteReg)
    i.MakeData                               0x0000110c   Section        0  cortexm3_driver.o(i.MakeData)
    i.MemManageHandler                       0x00001174   Section        0  handler.o(i.MemManageHandler)
    i.NMIHandler                             0x00001176   Section        0  handler.o(i.NMIHandler)
    i.NVIC_EnableIRQ                         0x00001178   Section        0  system.o(i.NVIC_EnableIRQ)
    NVIC_EnableIRQ                           0x00001179   Thumb Code    22  system.o(i.NVIC_EnableIRQ)
    i.PendSVHandler                          0x0000118e   Section        0  handler.o(i.PendSVHandler)
    i.ReadData                               0x00001190   Section        0  cortexm3_driver.o(i.ReadData)
    i.SVCHandler                             0x000011b4   Section        0  handler.o(i.SVCHandler)
    i.Set_SysTick_CTRL                       0x000011b6   Section        0  cortexm3_driver.o(i.Set_SysTick_CTRL)
    i.Set_SysTick_LOAD                       0x000011be   Section        0  cortexm3_driver.o(i.Set_SysTick_LOAD)
    i.Set_SysTick_VALUE                      0x000011c6   Section        0  cortexm3_driver.o(i.Set_SysTick_VALUE)
    i.SysTickHandler                         0x000011d0   Section        0  handler.o(i.SysTickHandler)
    i.SystemInit                             0x000011ec   Section        0  system.o(i.SystemInit)
    i.TIMER0Handler                          0x00001250   Section        0  handler.o(i.TIMER0Handler)
    i.TIMER1Handler                          0x000012e4   Section        0  handler.o(i.TIMER1Handler)
    i.Timer_Init                             0x00001300   Section        0  cortexm3_driver.o(i.Timer_Init)
    i.Timer_Para_Init                        0x00001324   Section        0  cortexm3_driver.o(i.Timer_Para_Init)
    i.UARTOVRHandler                         0x00001334   Section        0  handler.o(i.UARTOVRHandler)
    i.UARTRXHandler                          0x00001336   Section        0  handler.o(i.UARTRXHandler)
    i.UARTTXHandler                          0x00001338   Section        0  handler.o(i.UARTTXHandler)
    i.UsageFaultHandler                      0x0000133a   Section        0  handler.o(i.UsageFaultHandler)
    i.__scatterload_copy                     0x0000133c   Section       14  handlers.o(i.__scatterload_copy)
    i.__scatterload_null                     0x0000134a   Section        2  handlers.o(i.__scatterload_null)
    i.__scatterload_zeroinit                 0x0000134c   Section       14  handlers.o(i.__scatterload_zeroinit)
    i.all_init                               0x0000135a   Section        0  run.o(i.all_init)
    i.check_my_buttles_to_boss_collide       0x00001390   Section        0  basic_run.o(i.check_my_buttles_to_boss_collide)
    i.check_my_buttles_to_enemy_plane_collide 0x00001454   Section        0  basic_run.o(i.check_my_buttles_to_enemy_plane_collide)
    i.check_my_plane_to_enemy_buttles_collide 0x0000152c   Section        0  basic_run.o(i.check_my_plane_to_enemy_buttles_collide)
    i.check_my_plane_to_enemy_plane_collide  0x000015ec   Section        0  basic_run.o(i.check_my_plane_to_enemy_plane_collide)
    i.clear_all_enemy_plane                  0x000016ec   Section        0  basic_run.o(i.clear_all_enemy_plane)
    i.delay                                  0x00001768   Section        0  cortexm3_driver.o(i.delay)
    i.delay_ms                               0x00001788   Section        0  cortexm3_driver.o(i.delay_ms)
    i.delay_us                               0x000017a0   Section        0  cortexm3_driver.o(i.delay_us)
    i.draw_all_enemy_buttles                 0x000017c6   Section        0  draw.o(i.draw_all_enemy_buttles)
    i.draw_all_enemy_planes                  0x000017ee   Section        0  draw.o(i.draw_all_enemy_planes)
    i.draw_all_my_buttles                    0x00001816   Section        0  draw.o(i.draw_all_my_buttles)
    i.draw_all_through_struct                0x0000183c   Section        0  run.o(i.draw_all_through_struct)
    i.draw_boss                              0x0000186c   Section        0  basic_draw.o(i.draw_boss)
    i.draw_end                               0x00001bf4   Section        0  draw.o(i.draw_end)
    i.draw_enemy_bullet                      0x00001dc4   Section        0  basic_draw.o(i.draw_enemy_bullet)
    i.draw_enemy_plane                       0x00001e14   Section        0  basic_draw.o(i.draw_enemy_plane)
    i.draw_equal_triangle                    0x00001e6e   Section        0  basic_draw.o(i.draw_equal_triangle)
    i.draw_heart                             0x00001ec2   Section        0  basic_draw.o(i.draw_heart)
    i.draw_left_triangle                     0x00001f04   Section        0  basic_draw.o(i.draw_left_triangle)
    i.draw_my_bullet                         0x00001f54   Section        0  basic_draw.o(i.draw_my_bullet)
    i.draw_my_plane                          0x00001fa4   Section        0  basic_draw.o(i.draw_my_plane)
    i.draw_play_all                          0x00001ffe   Section        0  draw.o(i.draw_play_all)
    i.draw_play_title                        0x0000204c   Section        0  draw.o(i.draw_play_title)
    i.draw_rectangle                         0x000020d0   Section        0  basic_draw.o(i.draw_rectangle)
    i.draw_reversed_equal_triangle           0x00002122   Section        0  basic_draw.o(i.draw_reversed_equal_triangle)
    i.draw_reversed_left_triangle            0x0000217e   Section        0  basic_draw.o(i.draw_reversed_left_triangle)
    i.draw_reversed_right_triangle           0x000021ce   Section        0  basic_draw.o(i.draw_reversed_right_triangle)
    i.draw_reversed_trapezoid                0x0000221e   Section        0  basic_draw.o(i.draw_reversed_trapezoid)
    i.draw_right_triangle                    0x000022a4   Section        0  basic_draw.o(i.draw_right_triangle)
    i.draw_star                              0x000022f4   Section        0  basic_draw.o(i.draw_star)
    i.draw_start_page                        0x00002314   Section        0  draw.o(i.draw_start_page)
    i.draw_trapezoid                         0x000023b8   Section        0  basic_draw.o(i.draw_trapezoid)
    i.generate_boss_buttles                  0x0000243e   Section        0  basic_run.o(i.generate_boss_buttles)
    i.generate_enemy_buttles                 0x00002494   Section        0  basic_run.o(i.generate_enemy_buttles)
    i.generate_enemy_planes                  0x000024f2   Section        0  basic_run.o(i.generate_enemy_planes)
    i.getKey                                 0x0000253e   Section        0  cortexm3_driver.o(i.getKey)
    i.init_interface_info                    0x00002574   Section        0  run.o(i.init_interface_info)
    i.init_interface_info_second_time        0x00002610   Section        0  run.o(i.init_interface_info_second_time)
    i.init_play_interface                    0x000026a4   Section        0  draw.o(i.init_play_interface)
    i.key0_to_skip                           0x00002768   Section        0  run.o(i.key0_to_skip)
    i.keyScan                                0x00002784   Section        0  cortexm3_driver.o(i.keyScan)
    i.main                                   0x000027d4   Section        0  main.o(i.main)
    i.move_boss                              0x000027e0   Section        0  basic_run.o(i.move_boss)
    i.run_game                               0x00002824   Section        0  run.o(i.run_game)
    i.single_game                            0x0000286c   Section        0  run.o(i.single_game)
    i.switch_my_act                          0x000029c0   Section        0  basic_run.o(i.switch_my_act)
    i.uart_init                              0x00002aba   Section        0  cortexm3_driver.o(i.uart_init)
    i.update_enemy_buttles                   0x00002b14   Section        0  basic_run.o(i.update_enemy_buttles)
    i.update_enemy_planes                    0x00002b7a   Section        0  basic_run.o(i.update_enemy_planes)
    i.update_my_buttles                      0x00002be8   Section        0  basic_run.o(i.update_my_buttles)
    .constdata                               0x00002c48   Section     6080  cortexm3_driver.o(.constdata)
    .constdata                               0x00004408   Section      344  handler.o(.constdata)
    .data                                    0x20000000   Section        9  cortexm3_driver.o(.data)
    key_up                                   0x20000008   Data           1  cortexm3_driver.o(.data)
    .data                                    0x2000000c   Section        4  system.o(.data)
    .data                                    0x20000010   Section        4  rand.o(.data)
    _rand_state                              0x20000010   Data           4  rand.o(.data)
    .bss                                     0x20000014   Section       14  cortexm3_driver.o(.bss)
    .bss                                     0x20000024   Section      648  run.o(.bss)
    STACK                                    0x200002b0   Section    16384  startup_cm3ds.o(STACK)

    Global Symbols

    Symbol Name                              Value     Ov Type        Size  Object(Section)

    BuildAttributes$$THM_ISAv4$P$D$K$B$S$PE$A:L22UL41UL21$X:L11$S22US41US21$IEEE1$IW$USESV6$~STKCKD$USESV7$~SHL$OSPACE$EBA8$MICROLIB$REQ8$PRES8$EABIv2 0x00000000   Number         0  anon$$obj.o ABSOLUTE
    __ARM_use_no_argv                        0x00000000   Number         0  main.o ABSOLUTE
    __Vectors                                0x00000000   Data           4  startup_cm3ds.o(RESET)
    __arm_fini_                               - Undefined Weak Reference
    __cpp_initialize__aeabi_                  - Undefined Weak Reference
    __cxa_finalize                            - Undefined Weak Reference
    __decompress                              - Undefined Weak Reference
    _clock_init                               - Undefined Weak Reference
    _microlib_exit                            - Undefined Weak Reference
    __Vectors_End                            0x00000054   Data           0  startup_cm3ds.o(RESET)
    __Vectors_Size                           0x00000054   Number         0  startup_cm3ds.o ABSOLUTE
    __main                                   0x00000055   Thumb Code     0  entry.o(.ARM.Collect$$$$00000000)
    _main_stk                                0x00000055   Thumb Code     0  entry2.o(.ARM.Collect$$$$00000001)
    _main_scatterload                        0x00000059   Thumb Code     0  entry5.o(.ARM.Collect$$$$00000004)
    __main_after_scatterload                 0x0000005d   Thumb Code     0  entry5.o(.ARM.Collect$$$$00000004)
    _main_clock                              0x0000005d   Thumb Code     0  entry7b.o(.ARM.Collect$$$$00000008)
    _main_cpp_init                           0x0000005d   Thumb Code     0  entry8b.o(.ARM.Collect$$$$0000000A)
    _main_init                               0x0000005d   Thumb Code     0  entry9a.o(.ARM.Collect$$$$0000000B)
    __rt_lib_shutdown_fini                   0x00000065   Thumb Code     0  entry12b.o(.ARM.Collect$$$$0000000E)
    __rt_final_cpp                           0x00000069   Thumb Code     0  entry10a.o(.ARM.Collect$$$$0000000F)
    __rt_final_exit                          0x00000069   Thumb Code     0  entry11a.o(.ARM.Collect$$$$00000011)
    Reset_Handler                            0x0000006d   Thumb Code     8  startup_cm3ds.o(.text)
    NMI_Handler                              0x00000075   Thumb Code     8  startup_cm3ds.o(.text)
    HardFault_Handler                        0x0000007d   Thumb Code     8  startup_cm3ds.o(.text)
    MemManage_Handler                        0x00000085   Thumb Code     8  startup_cm3ds.o(.text)
    BusFault_Handler                         0x0000008d   Thumb Code     8  startup_cm3ds.o(.text)
    UsageFault_Handler                       0x00000095   Thumb Code     8  startup_cm3ds.o(.text)
    SVC_Handler                              0x0000009d   Thumb Code     8  startup_cm3ds.o(.text)
    DebugMon_Handler                         0x000000a5   Thumb Code     8  startup_cm3ds.o(.text)
    PendSV_Handler                           0x000000ad   Thumb Code     8  startup_cm3ds.o(.text)
    SysTick_Handler                          0x000000b5   Thumb Code     8  startup_cm3ds.o(.text)
    UARTRX_Handler                           0x000000bd   Thumb Code     8  startup_cm3ds.o(.text)
    UARTTX_Handler                           0x000000c5   Thumb Code     8  startup_cm3ds.o(.text)
    UARTOVR_Handler                          0x000000cd   Thumb Code     8  startup_cm3ds.o(.text)
    TIMER0_Handler                           0x000000d5   Thumb Code     8  startup_cm3ds.o(.text)
    TIMER1_Handler                           0x000000dd   Thumb Code     8  startup_cm3ds.o(.text)
    rand                                     0x000000ed   Thumb Code    20  rand.o(.text)
    srand                                    0x00000101   Thumb Code     6  rand.o(.text)
    __scatterload                            0x00000111   Thumb Code    28  init.o(.text)
    __scatterload_rt2                        0x00000111   Thumb Code     0  init.o(.text)
    BusFaultHandler                          0x00000135   Thumb Code     2  handler.o(i.BusFaultHandler)
    DebugMonHandler                          0x00000137   Thumb Code     2  handler.o(i.DebugMonHandler)
    HardFaultHandler                         0x00000139   Thumb Code     2  handler.o(i.HardFaultHandler)
    LCD_Clear                                0x0000013d   Thumb Code   124  cortexm3_driver.o(i.LCD_Clear)
    LCD_Display_Dir                          0x000001c1   Thumb Code   110  cortexm3_driver.o(i.LCD_Display_Dir)
    LCD_DrawLine                             0x00000235   Thumb Code   176  cortexm3_driver.o(i.LCD_DrawLine)
    LCD_DrawLine_color                       0x000002e5   Thumb Code   172  cortexm3_driver.o(i.LCD_DrawLine_color)
    LCD_DrawPoint                            0x00000391   Thumb Code    46  cortexm3_driver.o(i.LCD_DrawPoint)
    LCD_Fast_DrawPoint                       0x000003c5   Thumb Code   180  cortexm3_driver.o(i.LCD_Fast_DrawPoint)
    LCD_Fill                                 0x00000481   Thumb Code   102  cortexm3_driver.o(i.LCD_Fill)
    LCD_Init                                 0x000004ed   Thumb Code  1058  cortexm3_driver.o(i.LCD_Init)
    LCD_Pow                                  0x00000915   Thumb Code    22  cortexm3_driver.o(i.LCD_Pow)
    LCD_RD_DATA                              0x0000092d   Thumb Code    40  cortexm3_driver.o(i.LCD_RD_DATA)
    LCD_Scan_Dir                             0x00000959   Thumb Code  1070  cortexm3_driver.o(i.LCD_Scan_Dir)
    LCD_SetCursor                            0x00000d89   Thumb Code   128  cortexm3_driver.o(i.LCD_SetCursor)
    LCD_ShowChar_color                       0x00000e11   Thumb Code   268  cortexm3_driver.o(i.LCD_ShowChar_color)
    LCD_ShowString_color                     0x00000f2d   Thumb Code   106  cortexm3_driver.o(i.LCD_ShowString_color)
    LCD_ShowxNum_color                       0x00000f97   Thumb Code   198  cortexm3_driver.o(i.LCD_ShowxNum_color)
    LCD_WR_DATAX                             0x0000105d   Thumb Code    52  cortexm3_driver.o(i.LCD_WR_DATAX)
    LCD_WR_REG                               0x00001095   Thumb Code    50  cortexm3_driver.o(i.LCD_WR_REG)
    LCD_WriteRAM_Prepare                     0x000010cd   Thumb Code    12  cortexm3_driver.o(i.LCD_WriteRAM_Prepare)
    LCD_WriteReg                             0x000010dd   Thumb Code    42  cortexm3_driver.o(i.LCD_WriteReg)
    MakeData                                 0x0000110d   Thumb Code   100  cortexm3_driver.o(i.MakeData)
    MemManageHandler                         0x00001175   Thumb Code     2  handler.o(i.MemManageHandler)
    NMIHandler                               0x00001177   Thumb Code     2  handler.o(i.NMIHandler)
    PendSVHandler                            0x0000118f   Thumb Code     2  handler.o(i.PendSVHandler)
    ReadData                                 0x00001191   Thumb Code    32  cortexm3_driver.o(i.ReadData)
    SVCHandler                               0x000011b5   Thumb Code     2  handler.o(i.SVCHandler)
    Set_SysTick_CTRL                         0x000011b7   Thumb Code     8  cortexm3_driver.o(i.Set_SysTick_CTRL)
    Set_SysTick_LOAD                         0x000011bf   Thumb Code     8  cortexm3_driver.o(i.Set_SysTick_LOAD)
    Set_SysTick_VALUE                        0x000011c7   Thumb Code     8  cortexm3_driver.o(i.Set_SysTick_VALUE)
    SysTickHandler                           0x000011d1   Thumb Code    22  handler.o(i.SysTickHandler)
    SystemInit                               0x000011ed   Thumb Code    84  system.o(i.SystemInit)
    TIMER0Handler                            0x00001251   Thumb Code   122  handler.o(i.TIMER0Handler)
    TIMER1Handler                            0x000012e5   Thumb Code    18  handler.o(i.TIMER1Handler)
    Timer_Init                               0x00001301   Thumb Code    26  cortexm3_driver.o(i.Timer_Init)
    Timer_Para_Init                          0x00001325   Thumb Code    12  cortexm3_driver.o(i.Timer_Para_Init)
    UARTOVRHandler                           0x00001335   Thumb Code     2  handler.o(i.UARTOVRHandler)
    UARTRXHandler                            0x00001337   Thumb Code     2  handler.o(i.UARTRXHandler)
    UARTTXHandler                            0x00001339   Thumb Code     2  handler.o(i.UARTTXHandler)
    UsageFaultHandler                        0x0000133b   Thumb Code     2  handler.o(i.UsageFaultHandler)
    __scatterload_copy                       0x0000133d   Thumb Code    14  handlers.o(i.__scatterload_copy)
    __scatterload_null                       0x0000134b   Thumb Code     2  handlers.o(i.__scatterload_null)
    __scatterload_zeroinit                   0x0000134d   Thumb Code    14  handlers.o(i.__scatterload_zeroinit)
    all_init                                 0x0000135b   Thumb Code    52  run.o(i.all_init)
    check_my_buttles_to_boss_collide         0x00001391   Thumb Code   190  basic_run.o(i.check_my_buttles_to_boss_collide)
    check_my_buttles_to_enemy_plane_collide  0x00001455   Thumb Code   212  basic_run.o(i.check_my_buttles_to_enemy_plane_collide)
    check_my_plane_to_enemy_buttles_collide  0x0000152d   Thumb Code   186  basic_run.o(i.check_my_plane_to_enemy_buttles_collide)
    check_my_plane_to_enemy_plane_collide    0x000015ed   Thumb Code   250  basic_run.o(i.check_my_plane_to_enemy_plane_collide)
    clear_all_enemy_plane                    0x000016ed   Thumb Code   124  basic_run.o(i.clear_all_enemy_plane)
    delay                                    0x00001769   Thumb Code    32  cortexm3_driver.o(i.delay)
    delay_ms                                 0x00001789   Thumb Code    24  cortexm3_driver.o(i.delay_ms)
    delay_us                                 0x000017a1   Thumb Code    38  cortexm3_driver.o(i.delay_us)
    draw_all_enemy_buttles                   0x000017c7   Thumb Code    40  draw.o(i.draw_all_enemy_buttles)
    draw_all_enemy_planes                    0x000017ef   Thumb Code    40  draw.o(i.draw_all_enemy_planes)
    draw_all_my_buttles                      0x00001817   Thumb Code    38  draw.o(i.draw_all_my_buttles)
    draw_all_through_struct                  0x0000183d   Thumb Code    42  run.o(i.draw_all_through_struct)
    draw_boss                                0x0000186d   Thumb Code   904  basic_draw.o(i.draw_boss)
    draw_end                                 0x00001bf5   Thumb Code   390  draw.o(i.draw_end)
    draw_enemy_bullet                        0x00001dc5   Thumb Code    80  basic_draw.o(i.draw_enemy_bullet)
    draw_enemy_plane                         0x00001e15   Thumb Code    90  basic_draw.o(i.draw_enemy_plane)
    draw_equal_triangle                      0x00001e6f   Thumb Code    84  basic_draw.o(i.draw_equal_triangle)
    draw_heart                               0x00001ec3   Thumb Code    66  basic_draw.o(i.draw_heart)
    draw_left_triangle                       0x00001f05   Thumb Code    80  basic_draw.o(i.draw_left_triangle)
    draw_my_bullet                           0x00001f55   Thumb Code    80  basic_draw.o(i.draw_my_bullet)
    draw_my_plane                            0x00001fa5   Thumb Code    90  basic_draw.o(i.draw_my_plane)
    draw_play_all                            0x00001fff   Thumb Code    78  draw.o(i.draw_play_all)
    draw_play_title                          0x0000204d   Thumb Code   132  draw.o(i.draw_play_title)
    draw_rectangle                           0x000020d1   Thumb Code    82  basic_draw.o(i.draw_rectangle)
    draw_reversed_equal_triangle             0x00002123   Thumb Code    92  basic_draw.o(i.draw_reversed_equal_triangle)
    draw_reversed_left_triangle              0x0000217f   Thumb Code    80  basic_draw.o(i.draw_reversed_left_triangle)
    draw_reversed_right_triangle             0x000021cf   Thumb Code    80  basic_draw.o(i.draw_reversed_right_triangle)
    draw_reversed_trapezoid                  0x0000221f   Thumb Code   134  basic_draw.o(i.draw_reversed_trapezoid)
    draw_right_triangle                      0x000022a5   Thumb Code    80  basic_draw.o(i.draw_right_triangle)
    draw_star                                0x000022f5   Thumb Code    32  basic_draw.o(i.draw_star)
    draw_start_page                          0x00002315   Thumb Code   124  draw.o(i.draw_start_page)
    draw_trapezoid                           0x000023b9   Thumb Code   134  basic_draw.o(i.draw_trapezoid)
    generate_boss_buttles                    0x0000243f   Thumb Code    86  basic_run.o(i.generate_boss_buttles)
    generate_enemy_buttles                   0x00002495   Thumb Code    94  basic_run.o(i.generate_enemy_buttles)
    generate_enemy_planes                    0x000024f3   Thumb Code    76  basic_run.o(i.generate_enemy_planes)
    getKey                                   0x0000253f   Thumb Code    52  cortexm3_driver.o(i.getKey)
    init_interface_info                      0x00002575   Thumb Code   150  run.o(i.init_interface_info)
    init_interface_info_second_time          0x00002611   Thumb Code   142  run.o(i.init_interface_info_second_time)
    init_play_interface                      0x000026a5   Thumb Code   170  draw.o(i.init_play_interface)
    key0_to_skip                             0x00002769   Thumb Code    26  run.o(i.key0_to_skip)
    keyScan                                  0x00002785   Thumb Code    76  cortexm3_driver.o(i.keyScan)
    main                                     0x000027d5   Thumb Code    12  main.o(i.main)
    move_boss                                0x000027e1   Thumb Code    68  basic_run.o(i.move_boss)
    run_game                                 0x00002825   Thumb Code    66  run.o(i.run_game)
    single_game                              0x0000286d   Thumb Code   336  run.o(i.single_game)
    switch_my_act                            0x000029c1   Thumb Code   250  basic_run.o(i.switch_my_act)
    uart_init                                0x00002abb   Thumb Code    90  cortexm3_driver.o(i.uart_init)
    update_enemy_buttles                     0x00002b15   Thumb Code   102  basic_run.o(i.update_enemy_buttles)
    update_enemy_planes                      0x00002b7b   Thumb Code   110  basic_run.o(i.update_enemy_planes)
    update_my_buttles                        0x00002be9   Thumb Code    96  basic_run.o(i.update_my_buttles)
    asc2_1206                                0x00002c48   Data        1140  cortexm3_driver.o(.constdata)
    asc2_1608                                0x000030bc   Data        1520  cortexm3_driver.o(.constdata)
    asc2_2412                                0x000036ac   Data        3420  cortexm3_driver.o(.constdata)
    starSky_key                              0x00004408   Data         172  handler.o(.constdata)
    starSky_beat                             0x000044b4   Data         172  handler.o(.constdata)
    Region$$Table$$Base                      0x00004560   Number         0  anon$$obj.o(Region$$Table)
    Region$$Table$$Limit                     0x00004580   Number         0  anon$$obj.o(Region$$Table)
    timerPara                                0x20000000   Data           8  cortexm3_driver.o(.data)
    SystemCoreClock                          0x2000000c   Data           4  system.o(.data)
    lcddev                                   0x20000014   Data          14  cortexm3_driver.o(.bss)
    interface                                0x20000024   Data         648  run.o(.bss)
    __initial_sp                             0x200042b0   Data           0  startup_cm3ds.o(STACK)



==============================================================================

Memory Map of the image

  Image Entry point : 0x00000055

  Load Region LR_IROM1 (Base: 0x00000000, Size: 0x00004594, Max: 0x00010000, ABSOLUTE)

    Execution Region ER_IROM1 (Exec base: 0x00000000, Load base: 0x00000000, Size: 0x00004580, Max: 0x00010000, ABSOLUTE)

    Exec Addr    Load Addr    Size         Type   Attr      Idx    E Section Name        Object

    0x00000000   0x00000000   0x00000054   Data   RO          461    RESET               startup_cm3ds.o
    0x00000054   0x00000054   0x00000000   Code   RO         1040  * .ARM.Collect$$$$00000000  mc_w.l(entry.o)
    0x00000054   0x00000054   0x00000004   Code   RO         1048    .ARM.Collect$$$$00000001  mc_w.l(entry2.o)
    0x00000058   0x00000058   0x00000004   Code   RO         1051    .ARM.Collect$$$$00000004  mc_w.l(entry5.o)
    0x0000005c   0x0000005c   0x00000000   Code   RO         1053    .ARM.Collect$$$$00000008  mc_w.l(entry7b.o)
    0x0000005c   0x0000005c   0x00000000   Code   RO         1055    .ARM.Collect$$$$0000000A  mc_w.l(entry8b.o)
    0x0000005c   0x0000005c   0x00000008   Code   RO         1056    .ARM.Collect$$$$0000000B  mc_w.l(entry9a.o)
    0x00000064   0x00000064   0x00000004   Code   RO         1063    .ARM.Collect$$$$0000000E  mc_w.l(entry12b.o)
    0x00000068   0x00000068   0x00000000   Code   RO         1058    .ARM.Collect$$$$0000000F  mc_w.l(entry10a.o)
    0x00000068   0x00000068   0x00000000   Code   RO         1060    .ARM.Collect$$$$00000011  mc_w.l(entry11a.o)
    0x00000068   0x00000068   0x00000004   Code   RO         1049    .ARM.Collect$$$$00002712  mc_w.l(entry2.o)
    0x0000006c   0x0000006c   0x00000080   Code   RO          462    .text               startup_cm3ds.o
    0x000000ec   0x000000ec   0x00000024   Code   RO         1043    .text               mc_w.l(rand.o)
    0x00000110   0x00000110   0x00000024   Code   RO         1064    .text               mc_w.l(init.o)
    0x00000134   0x00000134   0x00000002   Code   RO          468    i.BusFaultHandler   handler.o
    0x00000136   0x00000136   0x00000002   Code   RO          469    i.DebugMonHandler   handler.o
    0x00000138   0x00000138   0x00000002   Code   RO          470    i.HardFaultHandler  handler.o
    0x0000013a   0x0000013a   0x00000002   PAD
    0x0000013c   0x0000013c   0x00000084   Code   RO            3    i.LCD_Clear         cortexm3_driver.o
    0x000001c0   0x000001c0   0x00000074   Code   RO            7    i.LCD_Display_Dir   cortexm3_driver.o
    0x00000234   0x00000234   0x000000b0   Code   RO            8    i.LCD_DrawLine      cortexm3_driver.o
    0x000002e4   0x000002e4   0x000000ac   Code   RO            9    i.LCD_DrawLine_color  cortexm3_driver.o
    0x00000390   0x00000390   0x00000034   Code   RO           10    i.LCD_DrawPoint     cortexm3_driver.o
    0x000003c4   0x000003c4   0x000000bc   Code   RO           11    i.LCD_Fast_DrawPoint  cortexm3_driver.o
    0x00000480   0x00000480   0x0000006c   Code   RO           12    i.LCD_Fill          cortexm3_driver.o
    0x000004ec   0x000004ec   0x00000428   Code   RO           13    i.LCD_Init          cortexm3_driver.o
    0x00000914   0x00000914   0x00000016   Code   RO           14    i.LCD_Pow           cortexm3_driver.o
    0x0000092a   0x0000092a   0x00000002   PAD
    0x0000092c   0x0000092c   0x0000002c   Code   RO           15    i.LCD_RD_DATA       cortexm3_driver.o
    0x00000958   0x00000958   0x0000042e   Code   RO           17    i.LCD_Scan_Dir      cortexm3_driver.o
    0x00000d86   0x00000d86   0x00000002   PAD
    0x00000d88   0x00000d88   0x00000088   Code   RO           18    i.LCD_SetCursor     cortexm3_driver.o
    0x00000e10   0x00000e10   0x0000011c   Code   RO           21    i.LCD_ShowChar_color  cortexm3_driver.o
    0x00000f2c   0x00000f2c   0x0000006a   Code   RO           24    i.LCD_ShowString_color  cortexm3_driver.o
    0x00000f96   0x00000f96   0x000000c6   Code   RO           26    i.LCD_ShowxNum_color  cortexm3_driver.o
    0x0000105c   0x0000105c   0x00000038   Code   RO           27    i.LCD_WR_DATAX      cortexm3_driver.o
    0x00001094   0x00001094   0x00000038   Code   RO           28    i.LCD_WR_REG        cortexm3_driver.o
    0x000010cc   0x000010cc   0x00000010   Code   RO           30    i.LCD_WriteRAM_Prepare  cortexm3_driver.o
    0x000010dc   0x000010dc   0x00000030   Code   RO           31    i.LCD_WriteReg      cortexm3_driver.o
    0x0000110c   0x0000110c   0x00000068   Code   RO           32    i.MakeData          cortexm3_driver.o
    0x00001174   0x00001174   0x00000002   Code   RO          471    i.MemManageHandler  handler.o
    0x00001176   0x00001176   0x00000002   Code   RO          472    i.NMIHandler        handler.o
    0x00001178   0x00001178   0x00000016   Code   RO          580    i.NVIC_EnableIRQ    system.o
    0x0000118e   0x0000118e   0x00000002   Code   RO          473    i.PendSVHandler     handler.o
    0x00001190   0x00001190   0x00000024   Code   RO           33    i.ReadData          cortexm3_driver.o
    0x000011b4   0x000011b4   0x00000002   Code   RO          474    i.SVCHandler        handler.o
    0x000011b6   0x000011b6   0x00000008   Code   RO           39    i.Set_SysTick_CTRL  cortexm3_driver.o
    0x000011be   0x000011be   0x00000008   Code   RO           40    i.Set_SysTick_LOAD  cortexm3_driver.o
    0x000011c6   0x000011c6   0x00000008   Code   RO           41    i.Set_SysTick_VALUE  cortexm3_driver.o
    0x000011ce   0x000011ce   0x00000002   PAD
    0x000011d0   0x000011d0   0x0000001c   Code   RO          475    i.SysTickHandler    handler.o
    0x000011ec   0x000011ec   0x00000064   Code   RO          582    i.SystemInit        system.o
    0x00001250   0x00001250   0x00000094   Code   RO          476    i.TIMER0Handler     handler.o
    0x000012e4   0x000012e4   0x0000001c   Code   RO          477    i.TIMER1Handler     handler.o
    0x00001300   0x00001300   0x00000024   Code   RO           51    i.Timer_Init        cortexm3_driver.o
    0x00001324   0x00001324   0x00000010   Code   RO           52    i.Timer_Para_Init   cortexm3_driver.o
    0x00001334   0x00001334   0x00000002   Code   RO          478    i.UARTOVRHandler    handler.o
    0x00001336   0x00001336   0x00000002   Code   RO          479    i.UARTRXHandler     handler.o
    0x00001338   0x00001338   0x00000002   Code   RO          480    i.UARTTXHandler     handler.o
    0x0000133a   0x0000133a   0x00000002   Code   RO          481    i.UsageFaultHandler  handler.o
    0x0000133c   0x0000133c   0x0000000e   Code   RO         1068    i.__scatterload_copy  mc_w.l(handlers.o)
    0x0000134a   0x0000134a   0x00000002   Code   RO         1069    i.__scatterload_null  mc_w.l(handlers.o)
    0x0000134c   0x0000134c   0x0000000e   Code   RO         1070    i.__scatterload_zeroinit  mc_w.l(handlers.o)
    0x0000135a   0x0000135a   0x00000034   Code   RO          983    i.all_init          run.o
    0x0000138e   0x0000138e   0x00000002   PAD
    0x00001390   0x00001390   0x000000c4   Code   RO          881    i.check_my_buttles_to_boss_collide  basic_run.o
    0x00001454   0x00001454   0x000000d8   Code   RO          882    i.check_my_buttles_to_enemy_plane_collide  basic_run.o
    0x0000152c   0x0000152c   0x000000c0   Code   RO          883    i.check_my_plane_to_enemy_buttles_collide  basic_run.o
    0x000015ec   0x000015ec   0x00000100   Code   RO          884    i.check_my_plane_to_enemy_plane_collide  basic_run.o
    0x000016ec   0x000016ec   0x0000007c   Code   RO          885    i.clear_all_enemy_plane  basic_run.o
    0x00001768   0x00001768   0x00000020   Code   RO           53    i.delay             cortexm3_driver.o
    0x00001788   0x00001788   0x00000018   Code   RO           54    i.delay_ms          cortexm3_driver.o
    0x000017a0   0x000017a0   0x00000026   Code   RO           55    i.delay_us          cortexm3_driver.o
    0x000017c6   0x000017c6   0x00000028   Code   RO          816    i.draw_all_enemy_buttles  draw.o
    0x000017ee   0x000017ee   0x00000028   Code   RO          817    i.draw_all_enemy_planes  draw.o
    0x00001816   0x00001816   0x00000026   Code   RO          818    i.draw_all_my_buttles  draw.o
    0x0000183c   0x0000183c   0x00000030   Code   RO          984    i.draw_all_through_struct  run.o
    0x0000186c   0x0000186c   0x00000388   Code   RO          697    i.draw_boss         basic_draw.o
    0x00001bf4   0x00001bf4   0x000001d0   Code   RO          819    i.draw_end          draw.o
    0x00001dc4   0x00001dc4   0x00000050   Code   RO          699    i.draw_enemy_bullet  basic_draw.o
    0x00001e14   0x00001e14   0x0000005a   Code   RO          700    i.draw_enemy_plane  basic_draw.o
    0x00001e6e   0x00001e6e   0x00000054   Code   RO          701    i.draw_equal_triangle  basic_draw.o
    0x00001ec2   0x00001ec2   0x00000042   Code   RO          702    i.draw_heart        basic_draw.o
    0x00001f04   0x00001f04   0x00000050   Code   RO          703    i.draw_left_triangle  basic_draw.o
    0x00001f54   0x00001f54   0x00000050   Code   RO          704    i.draw_my_bullet    basic_draw.o
    0x00001fa4   0x00001fa4   0x0000005a   Code   RO          705    i.draw_my_plane     basic_draw.o
    0x00001ffe   0x00001ffe   0x0000004e   Code   RO          820    i.draw_play_all     draw.o
    0x0000204c   0x0000204c   0x00000084   Code   RO          821    i.draw_play_title   draw.o
    0x000020d0   0x000020d0   0x00000052   Code   RO          706    i.draw_rectangle    basic_draw.o
    0x00002122   0x00002122   0x0000005c   Code   RO          707    i.draw_reversed_equal_triangle  basic_draw.o
    0x0000217e   0x0000217e   0x00000050   Code   RO          708    i.draw_reversed_left_triangle  basic_draw.o
    0x000021ce   0x000021ce   0x00000050   Code   RO          709    i.draw_reversed_right_triangle  basic_draw.o
    0x0000221e   0x0000221e   0x00000086   Code   RO          710    i.draw_reversed_trapezoid  basic_draw.o
    0x000022a4   0x000022a4   0x00000050   Code   RO          711    i.draw_right_triangle  basic_draw.o
    0x000022f4   0x000022f4   0x00000020   Code   RO          712    i.draw_star         basic_draw.o
    0x00002314   0x00002314   0x000000a4   Code   RO          822    i.draw_start_page   draw.o
    0x000023b8   0x000023b8   0x00000086   Code   RO          713    i.draw_trapezoid    basic_draw.o
    0x0000243e   0x0000243e   0x00000056   Code   RO          886    i.generate_boss_buttles  basic_run.o
    0x00002494   0x00002494   0x0000005e   Code   RO          887    i.generate_enemy_buttles  basic_run.o
    0x000024f2   0x000024f2   0x0000004c   Code   RO          888    i.generate_enemy_planes  basic_run.o
    0x0000253e   0x0000253e   0x00000034   Code   RO           56    i.getKey            cortexm3_driver.o
    0x00002572   0x00002572   0x00000002   PAD
    0x00002574   0x00002574   0x0000009c   Code   RO          985    i.init_interface_info  run.o
    0x00002610   0x00002610   0x00000094   Code   RO          986    i.init_interface_info_second_time  run.o
    0x000026a4   0x000026a4   0x000000c4   Code   RO          823    i.init_play_interface  draw.o
    0x00002768   0x00002768   0x0000001a   Code   RO          987    i.key0_to_skip      run.o
    0x00002782   0x00002782   0x00000002   PAD
    0x00002784   0x00002784   0x00000050   Code   RO           57    i.keyScan           cortexm3_driver.o
    0x000027d4   0x000027d4   0x0000000c   Code   RO          670    i.main              main.o
    0x000027e0   0x000027e0   0x00000044   Code   RO          889    i.move_boss         basic_run.o
    0x00002824   0x00002824   0x00000048   Code   RO          988    i.run_game          run.o
    0x0000286c   0x0000286c   0x00000154   Code   RO          989    i.single_game       run.o
    0x000029c0   0x000029c0   0x000000fa   Code   RO          890    i.switch_my_act     basic_run.o
    0x00002aba   0x00002aba   0x0000005a   Code   RO           71    i.uart_init         cortexm3_driver.o
    0x00002b14   0x00002b14   0x00000066   Code   RO          891    i.update_enemy_buttles  basic_run.o
    0x00002b7a   0x00002b7a   0x0000006e   Code   RO          892    i.update_enemy_planes  basic_run.o
    0x00002be8   0x00002be8   0x00000060   Code   RO          893    i.update_my_buttles  basic_run.o
    0x00002c48   0x00002c48   0x000017c0   Data   RO           73    .constdata          cortexm3_driver.o
    0x00004408   0x00004408   0x00000158   Data   RO          482    .constdata          handler.o
    0x00004560   0x00004560   0x00000020   Data   RO         1066    Region$$Table       anon$$obj.o


    Execution Region RW_IRAM1 (Exec base: 0x20000000, Load base: 0x00004580, Size: 0x000042b0, Max: 0x00010000, ABSOLUTE)

    Exec Addr    Load Addr    Size         Type   Attr      Idx    E Section Name        Object

    0x20000000   0x00004580   0x00000009   Data   RW           74    .data               cortexm3_driver.o
    0x20000009   0x00004589   0x00000003   PAD
    0x2000000c   0x0000458c   0x00000004   Data   RW          583    .data               system.o
    0x20000010   0x00004590   0x00000004   Data   RW         1044    .data               mc_w.l(rand.o)
    0x20000014        -       0x0000000e   Zero   RW           72    .bss                cortexm3_driver.o
    0x20000022   0x00004594   0x00000002   PAD
    0x20000024        -       0x00000288   Zero   RW          990    .bss                run.o
    0x200002ac   0x00004594   0x00000004   PAD
    0x200002b0        -       0x00004000   Zero   RW          459    STACK               startup_cm3ds.o


==============================================================================

Image component sizes


      Code (inc. data)   RO Data    RW Data    ZI Data      Debug   Object Name

      2188          0          0          0          0      12250   basic_draw.o
      1866         22          0          0          0       9261   basic_run.o
      4576        164       6080          9         14      33180   cortexm3_driver.o
      1152        140          0          0          0       4812   draw.o
       226         42        344          0          0      12844   handler.o
        12          0          0          0          0        419   main.o
       842         28          0          0        648       4493   run.o
       128          8         84          0      16384       1012   startup_cm3ds.o
       122         16          0          4          0      24734   system.o

    ----------------------------------------------------------------------
     11126        420       6540         16      17052     103005   Object Totals
         0          0         32          0          0          0   (incl. Generated)
        14          0          0          3          6          0   (incl. Padding)

    ----------------------------------------------------------------------

      Code (inc. data)   RO Data    RW Data    ZI Data      Debug   Library Member Name

         0          0          0          0          0          0   entry.o
         0          0          0          0          0          0   entry10a.o
         0          0          0          0          0          0   entry11a.o
         4          0          0          0          0          0   entry12b.o
         8          4          0          0          0          0   entry2.o
         4          0          0          0          0          0   entry5.o
         0          0          0          0          0          0   entry7b.o
         0          0          0          0          0          0   entry8b.o
         8          4          0          0          0          0   entry9a.o
        30          0          0          0          0          0   handlers.o
        36          8          0          0          0         68   init.o
        36         10          0          4          0        136   rand.o

    ----------------------------------------------------------------------
       126         26          0          4          0        204   Library Totals
         0          0          0          0          0          0   (incl. Padding)

    ----------------------------------------------------------------------

      Code (inc. data)   RO Data    RW Data    ZI Data      Debug   Library Name

       126         26          0          4          0        204   mc_w.l

    ----------------------------------------------------------------------
       126         26          0          4          0        204   Library Totals

    ----------------------------------------------------------------------

==============================================================================


      Code (inc. data)   RO Data    RW Data    ZI Data      Debug   

     11252        446       6540         20      17052      98785   Grand Totals
     11252        446       6540         20      17052      98785   ELF Image Totals
     11252        446       6540         20          0          0   ROM Totals

==============================================================================

    Total RO  Size (Code + RO Data)                17792 (  17.38kB)
    Total RW  Size (RW Data + ZI Data)             17072 (  16.67kB)
    Total ROM Size (Code + RO Data + RW Data)      17812 (  17.39kB)

==============================================================================

